// Jest Snapshot v1, https://goo.gl/fbAQLP

exports[`root tests Infrastructure Test 1`] = `
Object {
  "Outputs": Object {
    "HttpEndpoint": Object {
      "Export": Object {
        "Name": "HttpApiEndPoint",
      },
      "Value": Object {
        "Fn::GetAtt": Array [
          "HttpApiF5A9A8A7",
          "ApiEndpoint",
        ],
      },
    },
  },
  "Resources": Object {
    "HttpApiDefaultRoute146696CE": Object {
      "Properties": Object {
        "ApiId": Object {
          "Ref": "HttpApiF5A9A8A7",
        },
        "AuthorizationType": "NONE",
        "RouteKey": "$default",
        "Target": Object {
          "Fn::Join": Array [
            "",
            Array [
              "integrations/",
              Object {
                "Ref": "HttpApiDefaultRouteHttpLambda91177580",
              },
            ],
          ],
        },
      },
      "Type": "AWS::ApiGatewayV2::Route",
    },
    "HttpApiDefaultRouteHttpLambda91177580": Object {
      "Properties": Object {
        "ApiId": Object {
          "Ref": "HttpApiF5A9A8A7",
        },
        "IntegrationType": "AWS_PROXY",
        "IntegrationUri": Object {
          "Fn::GetAtt": Array [
            "LambdaService68B9B9DF",
            "Arn",
          ],
        },
        "PayloadFormatVersion": "2.0",
      },
      "Type": "AWS::ApiGatewayV2::Integration",
    },
    "HttpApiDefaultRouteHttpLambdaPermissionDE2D6043": Object {
      "Properties": Object {
        "Action": "lambda:InvokeFunction",
        "FunctionName": Object {
          "Fn::GetAtt": Array [
            "LambdaService68B9B9DF",
            "Arn",
          ],
        },
        "Principal": "apigateway.amazonaws.com",
        "SourceArn": Object {
          "Fn::Join": Array [
            "",
            Array [
              "arn:",
              Object {
                "Ref": "AWS::Partition",
              },
              ":execute-api:",
              Object {
                "Ref": "AWS::Region",
              },
              ":",
              Object {
                "Ref": "AWS::AccountId",
              },
              ":",
              Object {
                "Ref": "HttpApiF5A9A8A7",
              },
              "/*/*",
            ],
          ],
        },
      },
      "Type": "AWS::Lambda::Permission",
    },
    "HttpApiDefaultStage3EEB07D6": Object {
      "Properties": Object {
        "ApiId": Object {
          "Ref": "HttpApiF5A9A8A7",
        },
        "AutoDeploy": true,
        "StageName": "$default",
      },
      "Type": "AWS::ApiGatewayV2::Stage",
    },
    "HttpApiF5A9A8A7": Object {
      "Properties": Object {
        "Name": "HttpApiService",
        "ProtocolType": "HTTP",
      },
      "Type": "AWS::ApiGatewayV2::Api",
    },
    "LambdaRole3A44B857": Object {
      "Properties": Object {
        "AssumeRolePolicyDocument": Object {
          "Statement": Array [
            Object {
              "Action": "sts:AssumeRole",
              "Effect": "Allow",
              "Principal": Object {
                "Service": "lambda.amazonaws.com",
              },
            },
          ],
          "Version": "2012-10-17",
        },
      },
      "Type": "AWS::IAM::Role",
    },
    "LambdaRoleDefaultPolicy75625A82": Object {
      "Properties": Object {
        "PolicyDocument": Object {
          "Statement": Array [
            Object {
              "Action": Array [
                "logs:CreateLogGroup",
                "logs:CreateLogStream",
                "logs:PutLogEvents",
              ],
              "Effect": "Allow",
              "Resource": Object {
                "Fn::GetAtt": Array [
                  "LogGroupF5B46931",
                  "Arn",
                ],
              },
            },
          ],
          "Version": "2012-10-17",
        },
        "PolicyName": "LambdaRoleDefaultPolicy75625A82",
        "Roles": Array [
          Object {
            "Ref": "LambdaRole3A44B857",
          },
        ],
      },
      "Type": "AWS::IAM::Policy",
    },
    "LambdaService68B9B9DF": Object {
      "DependsOn": Array [
        "LambdaRoleDefaultPolicy75625A82",
        "LambdaRole3A44B857",
      ],
      "Properties": Object {
        "Code": Object {
          "S3Bucket": Object {
            "Fn::Sub": "cdk-hnb659fds-assets-\${AWS::AccountId}-\${AWS::Region}",
          },
          "S3Key": "5047d700a76f251b0f45f73208da7f932cc7a9df52fd184896d8f5eb81d4c233.zip",
        },
        "FunctionName": "LambdaService",
        "Handler": "index.handler",
        "Role": Object {
          "Fn::GetAtt": Array [
            "LambdaRole3A44B857",
            "Arn",
          ],
        },
        "Runtime": "nodejs14.x",
      },
      "Type": "AWS::Lambda::Function",
    },
    "LogGroupF5B46931": Object {
      "DeletionPolicy": "Retain",
      "Properties": Object {
        "LogGroupName": "HttpApiLogGroup",
        "RetentionInDays": 7,
      },
      "Type": "AWS::Logs::LogGroup",
      "UpdateReplacePolicy": "Retain",
    },
  },
}
`;
